19:44:57 **** Build of configuration Debug for project 10_ADC_continuous_conversion ****
make -j12 all 
arm-none-eabi-gcc -o "10_ADC_continuous_conversion.elf" @"objects.list"   -mcpu=cortex-m4 -T"C:\STM32F411 Workspace\10_ADC_continuous_conversion\STM32F411RETX_FLASH.ld" --specs=nosys.specs -Wl,-Map="10_ADC_continuous_conversion.map" -Wl,--gc-sections -static --specs=nano.specs -mfpu=fpv4-sp-d16 -mfloat-abi=hard -mthumb -Wl,--start-group -lc -lm -Wl,--end-group
Finished building target: 10_ADC_continuous_conversion.elf
 
arm-none-eabi-size  10_ADC_continuous_conversion.elf 
arm-none-eabi-objdump -h -S 10_ADC_continuous_conversion.elf  > "10_ADC_continuous_conversion.list"
   text	   data	    bss	    dec	    hex	filename
   5344	     92	   1908	   7344	   1cb0	10_ADC_continuous_conversion.elf
Finished building: default.size.stdout
 
Finished building: 10_ADC_continuous_conversion.list
 

19:44:59 Build Finished. 0 errors, 0 warnings. (took 2s.182ms)

