19:45:00 **** Build of configuration Debug for project 13_Output_Compare_Driver ****
make -j12 all 
arm-none-eabi-gcc "../Src/main.c" -mcpu=cortex-m4 -std=gnu11 -g3 -DDEBUG -DSTM32 -DSTM32F4 -DSTM32F411RETx -DSTM32F411xE -c -I../Inc -I"C:/STM32F411 Workspace/Chip Headers/CMSIS/Device/ST/STM32F4xx/Include" -I"C:/STM32F411 Workspace/Chip Headers/CMSIS/Include" -O0 -ffunction-sections -fdata-sections -Wall -fstack-usage -fcyclomatic-complexity -MMD -MP -MF"Src/main.d" -MT"Src/main.o" --specs=nano.specs -mfpu=fpv4-sp-d16 -mfloat-abi=hard -mthumb -o "Src/main.o"
arm-none-eabi-gcc "../Src/timer.c" -mcpu=cortex-m4 -std=gnu11 -g3 -DDEBUG -DSTM32 -DSTM32F4 -DSTM32F411RETx -DSTM32F411xE -c -I../Inc -I"C:/STM32F411 Workspace/Chip Headers/CMSIS/Device/ST/STM32F4xx/Include" -I"C:/STM32F411 Workspace/Chip Headers/CMSIS/Include" -O0 -ffunction-sections -fdata-sections -Wall -fstack-usage -fcyclomatic-complexity -MMD -MP -MF"Src/timer.d" -MT"Src/timer.o" --specs=nano.specs -mfpu=fpv4-sp-d16 -mfloat-abi=hard -mthumb -o "Src/timer.o"
arm-none-eabi-gcc -o "13_Output_Compare_Driver.elf" @"objects.list"   -mcpu=cortex-m4 -T"C:\STM32F411 Workspace\13_Output_Compare_Driver\STM32F411RETX_FLASH.ld" --specs=nosys.specs -Wl,-Map="13_Output_Compare_Driver.map" -Wl,--gc-sections -static --specs=nano.specs -mfpu=fpv4-sp-d16 -mfloat-abi=hard -mthumb -Wl,--start-group -lc -lm -Wl,--end-group
Finished building target: 13_Output_Compare_Driver.elf
 
arm-none-eabi-size  13_Output_Compare_Driver.elf 
arm-none-eabi-objdump -h -S 13_Output_Compare_Driver.elf  > "13_Output_Compare_Driver.list"
   text	   data	    bss	    dec	    hex	filename
    824	      0	   1568	   2392	    958	13_Output_Compare_Driver.elf
Finished building: default.size.stdout
 
Finished building: 13_Output_Compare_Driver.list
 

19:45:02 Build Finished. 0 errors, 0 warnings. (took 1s.486ms)

