12:42:54 **** Incremental Build of configuration Debug for project 13_OutputCompare ****
make -j12 all 
arm-none-eabi-gcc "../Src/timer.c" -mcpu=cortex-m4 -std=gnu11 -g3 -DDEBUG -DSTM32 -DSTM32F4 -DSTM32F411RETx -DSTM32F411xE -c -I../Inc -I"C:/Users/LOQ/OneDrive/Documents/STM32F411 Workspace/Chip Headers/CMSIS/Device/ST/STM32F4xx/Include" -I"C:/Users/LOQ/OneDrive/Documents/STM32F411 Workspace/Chip Headers/CMSIS/Include" -O0 -ffunction-sections -fdata-sections -Wall -fstack-usage -fcyclomatic-complexity -MMD -MP -MF"Src/timer.d" -MT"Src/timer.o" --specs=nano.specs -mfpu=fpv4-sp-d16 -mfloat-abi=hard -mthumb -o "Src/timer.o"
arm-none-eabi-gcc -o "13_OutputCompare.elf" @"objects.list"   -mcpu=cortex-m4 -T"C:\Users\LOQ\OneDrive\Documents\STM32F411 Workspace\13_OutputCompare\STM32F411RETX_FLASH.ld" --specs=nosys.specs -Wl,-Map="13_OutputCompare.map" -Wl,--gc-sections -static --specs=nano.specs -mfpu=fpv4-sp-d16 -mfloat-abi=hard -mthumb -Wl,--start-group -lc -lm -Wl,--end-group
Finished building target: 13_OutputCompare.elf
 
arm-none-eabi-size  13_OutputCompare.elf 
arm-none-eabi-objdump -h -S 13_OutputCompare.elf  > "13_OutputCompare.list"
   text	   data	    bss	    dec	    hex	filename
    816	      0	   1568	   2384	    950	13_OutputCompare.elf
Finished building: default.size.stdout
 
Finished building: 13_OutputCompare.list
 

12:42:56 Build Finished. 0 errors, 0 warnings. (took 2s.35ms)

