17:33:47 **** Incremental Build of configuration Debug for project 14_Input_Capture ****
make -j12 all 
arm-none-eabi-gcc "../Src/_systic.c" -mcpu=cortex-m4 -std=gnu11 -g3 -DDEBUG -DSTM32 -DSTM32F4 -DSTM32F411RETx -DSTM32F411xE -c -I../Inc -I"C:/STM32F411 Workspace/Chip Headers/CMSIS/Device/ST/STM32F4xx/Include" -I"C:/STM32F411 Workspace/Chip Headers/CMSIS/Include" -O0 -ffunction-sections -fdata-sections -Wall -fstack-usage -fcyclomatic-complexity -MMD -MP -MF"Src/_systic.d" -MT"Src/_systic.o" --specs=nano.specs -mfpu=fpv4-sp-d16 -mfloat-abi=hard -mthumb -o "Src/_systic.o"
arm-none-eabi-gcc "../Src/adc.c" -mcpu=cortex-m4 -std=gnu11 -g3 -DDEBUG -DSTM32 -DSTM32F4 -DSTM32F411RETx -DSTM32F411xE -c -I../Inc -I"C:/STM32F411 Workspace/Chip Headers/CMSIS/Device/ST/STM32F4xx/Include" -I"C:/STM32F411 Workspace/Chip Headers/CMSIS/Include" -O0 -ffunction-sections -fdata-sections -Wall -fstack-usage -fcyclomatic-complexity -MMD -MP -MF"Src/adc.d" -MT"Src/adc.o" --specs=nano.specs -mfpu=fpv4-sp-d16 -mfloat-abi=hard -mthumb -o "Src/adc.o"
arm-none-eabi-gcc "../Src/main.c" -mcpu=cortex-m4 -std=gnu11 -g3 -DDEBUG -DSTM32 -DSTM32F4 -DSTM32F411RETx -DSTM32F411xE -c -I../Inc -I"C:/STM32F411 Workspace/Chip Headers/CMSIS/Device/ST/STM32F4xx/Include" -I"C:/STM32F411 Workspace/Chip Headers/CMSIS/Include" -O0 -ffunction-sections -fdata-sections -Wall -fstack-usage -fcyclomatic-complexity -MMD -MP -MF"Src/main.d" -MT"Src/main.o" --specs=nano.specs -mfpu=fpv4-sp-d16 -mfloat-abi=hard -mthumb -o "Src/main.o"
arm-none-eabi-gcc "../Src/syscalls.c" -mcpu=cortex-m4 -std=gnu11 -g3 -DDEBUG -DSTM32 -DSTM32F4 -DSTM32F411RETx -DSTM32F411xE -c -I../Inc -I"C:/STM32F411 Workspace/Chip Headers/CMSIS/Device/ST/STM32F4xx/Include" -I"C:/STM32F411 Workspace/Chip Headers/CMSIS/Include" -O0 -ffunction-sections -fdata-sections -Wall -fstack-usage -fcyclomatic-complexity -MMD -MP -MF"Src/syscalls.d" -MT"Src/syscalls.o" --specs=nano.specs -mfpu=fpv4-sp-d16 -mfloat-abi=hard -mthumb -o "Src/syscalls.o"
arm-none-eabi-gcc "../Src/sysmem.c" -mcpu=cortex-m4 -std=gnu11 -g3 -DDEBUG -DSTM32 -DSTM32F4 -DSTM32F411RETx -DSTM32F411xE -c -I../Inc -I"C:/STM32F411 Workspace/Chip Headers/CMSIS/Device/ST/STM32F4xx/Include" -I"C:/STM32F411 Workspace/Chip Headers/CMSIS/Include" -O0 -ffunction-sections -fdata-sections -Wall -fstack-usage -fcyclomatic-complexity -MMD -MP -MF"Src/sysmem.d" -MT"Src/sysmem.o" --specs=nano.specs -mfpu=fpv4-sp-d16 -mfloat-abi=hard -mthumb -o "Src/sysmem.o"
arm-none-eabi-gcc "../Src/timer.c" -mcpu=cortex-m4 -std=gnu11 -g3 -DDEBUG -DSTM32 -DSTM32F4 -DSTM32F411RETx -DSTM32F411xE -c -I../Inc -I"C:/STM32F411 Workspace/Chip Headers/CMSIS/Device/ST/STM32F4xx/Include" -I"C:/STM32F411 Workspace/Chip Headers/CMSIS/Include" -O0 -ffunction-sections -fdata-sections -Wall -fstack-usage -fcyclomatic-complexity -MMD -MP -MF"Src/timer.d" -MT"Src/timer.o" --specs=nano.specs -mfpu=fpv4-sp-d16 -mfloat-abi=hard -mthumb -o "Src/timer.o"
arm-none-eabi-gcc "../Src/uart.c" -mcpu=cortex-m4 -std=gnu11 -g3 -DDEBUG -DSTM32 -DSTM32F4 -DSTM32F411RETx -DSTM32F411xE -c -I../Inc -I"C:/STM32F411 Workspace/Chip Headers/CMSIS/Device/ST/STM32F4xx/Include" -I"C:/STM32F411 Workspace/Chip Headers/CMSIS/Include" -O0 -ffunction-sections -fdata-sections -Wall -fstack-usage -fcyclomatic-complexity -MMD -MP -MF"Src/uart.d" -MT"Src/uart.o" --specs=nano.specs -mfpu=fpv4-sp-d16 -mfloat-abi=hard -mthumb -o "Src/uart.o"
arm-none-eabi-gcc -o "14_Input_Capture.elf" @"objects.list"   -mcpu=cortex-m4 -T"C:\Users\LOQ\OneDrive\Documents\STM32F411 Workspace\14_Input_Capture\STM32F411RETX_FLASH.ld" --specs=nosys.specs -Wl,-Map="14_Input_Capture.map" -Wl,--gc-sections -static --specs=nano.specs -mfpu=fpv4-sp-d16 -mfloat-abi=hard -mthumb -Wl,--start-group -lc -lm -Wl,--end-group
Finished building target: 14_Input_Capture.elf
 
arm-none-eabi-size  14_Input_Capture.elf 
arm-none-eabi-objdump -h -S 14_Input_Capture.elf  > "14_Input_Capture.list"
   text	   data	    bss	    dec	    hex	filename
    964	      0	   1568	   2532	    9e4	14_Input_Capture.elf
Finished building: default.size.stdout
 
Finished building: 14_Input_Capture.list
 

17:33:48 Build Finished. 0 errors, 0 warnings. (took 1s.269ms)

