17:34:00 **** Incremental Build of configuration Debug for project 16_uart_rx_interrupt ****
make -j12 all 
arm-none-eabi-gcc "../Src/main.c" -mcpu=cortex-m4 -std=gnu11 -g3 -DDEBUG -DSTM32 -DSTM32F4 -DSTM32F411RETx -DSTM32F411xE -c -I../Inc -I"C:/STM32F411 Workspace/Chip Headers/CMSIS/Device/ST/STM32F4xx/Include" -I"C:/STM32F411 Workspace/Chip Headers/CMSIS/Include" -O0 -ffunction-sections -fdata-sections -Wall -fstack-usage -fcyclomatic-complexity -MMD -MP -MF"Src/main.d" -MT"Src/main.o" --specs=nano.specs -mfpu=fpv4-sp-d16 -mfloat-abi=hard -mthumb -o "Src/main.o"
arm-none-eabi-gcc "../Src/uart.c" -mcpu=cortex-m4 -std=gnu11 -g3 -DDEBUG -DSTM32 -DSTM32F4 -DSTM32F411RETx -DSTM32F411xE -c -I../Inc -I"C:/STM32F411 Workspace/Chip Headers/CMSIS/Device/ST/STM32F4xx/Include" -I"C:/STM32F411 Workspace/Chip Headers/CMSIS/Include" -O0 -ffunction-sections -fdata-sections -Wall -fstack-usage -fcyclomatic-complexity -MMD -MP -MF"Src/uart.d" -MT"Src/uart.o" --specs=nano.specs -mfpu=fpv4-sp-d16 -mfloat-abi=hard -mthumb -o "Src/uart.o"
arm-none-eabi-gcc -o "16_uart_rx_interrupt.elf" @"objects.list"   -mcpu=cortex-m4 -T"C:\STM32F411 Workspace\16_uart_rx_interrupt\STM32F411RETX_FLASH.ld" --specs=nosys.specs -Wl,-Map="16_uart_rx_interrupt.map" -Wl,--gc-sections -static --specs=nano.specs -mfpu=fpv4-sp-d16 -mfloat-abi=hard -mthumb -Wl,--start-group -lc -lm -Wl,--end-group
Finished building target: 16_uart_rx_interrupt.elf
 
arm-none-eabi-size  16_uart_rx_interrupt.elf 
arm-none-eabi-objdump -h -S 16_uart_rx_interrupt.elf  > "16_uart_rx_interrupt.list"
   text	   data	    bss	    dec	    hex	filename
    804	      0	   1568	   2372	    944	16_uart_rx_interrupt.elf
Finished building: default.size.stdout
 
Finished building: 16_uart_rx_interrupt.list
 

17:34:01 Build Finished. 0 errors, 0 warnings. (took 499ms)

