23:03:42 **** Incremental Build of configuration Debug for project 9_adc ****
make -j12 all 
arm-none-eabi-gcc "../Src/adc.c" -mcpu=cortex-m4 -std=gnu11 -g3 -DDEBUG -DSTM32 -DSTM32F4 -DSTM32F411RETx -DSTM32F411xE -c -I../Inc -I"C:/Users/LOQ/OneDrive/Documents/STM32F411 Workspace/Chip Headers/CMSIS/Device/ST/STM32F4xx/Include" -I"C:/Users/LOQ/OneDrive/Documents/STM32F411 Workspace/Chip Headers/CMSIS/Include" -O0 -ffunction-sections -fdata-sections -Wall -fstack-usage -fcyclomatic-complexity -MMD -MP -MF"Src/adc.d" -MT"Src/adc.o" --specs=nano.specs -mfpu=fpv4-sp-d16 -mfloat-abi=hard -mthumb -o "Src/adc.o"
arm-none-eabi-gcc -o "9_adc.elf" @"objects.list"   -mcpu=cortex-m4 -T"C:\Users\LOQ\OneDrive\Documents\STM32F411 Workspace\9_adc\STM32F411RETX_FLASH.ld" --specs=nosys.specs -Wl,-Map="9_adc.map" -Wl,--gc-sections -static --specs=nano.specs -mfpu=fpv4-sp-d16 -mfloat-abi=hard -mthumb -Wl,--start-group -lc -lm -Wl,--end-group
Finished building target: 9_adc.elf
 
arm-none-eabi-size  9_adc.elf 
arm-none-eabi-objdump -h -S 9_adc.elf  > "9_adc.list"
   text	   data	    bss	    dec	    hex	filename
   5352	     92	   1908	   7352	   1cb8	9_adc.elf
Finished building: default.size.stdout
 
Finished building: 9_adc.list
 

23:03:45 Build Finished. 0 errors, 0 warnings. (took 2s.969ms)

