21:24:32 **** Build of configuration Debug for project Project1_LED_Toggle_Adder2 ****
make -j12 all 
arm-none-eabi-gcc "../Src/main.c" -mcpu=cortex-m4 -std=gnu11 -g3 -DDEBUG -DNUCLEO_F411RE -DSTM32 -DSTM32F4 -DSTM32F411RETx -c -I../Inc -O0 -ffunction-sections -fdata-sections -Wall -fstack-usage -fcyclomatic-complexity -MMD -MP -MF"Src/main.d" -MT"Src/main.o" --specs=nano.specs -mfpu=fpv4-sp-d16 -mfloat-abi=hard -mthumb -o "Src/main.o"
arm-none-eabi-gcc -o "Project1_LED_Toggle_Adder2.elf" @"objects.list"   -mcpu=cortex-m4 -T"C:\Users\LOQ\OneDrive\Documents\STM32F411 Workspace\Project1_LED_Toggle_Adder2\STM32F411RETX_FLASH.ld" --specs=nosys.specs -Wl,-Map="Project1_LED_Toggle_Adder2.map" -Wl,--gc-sections -static --specs=nano.specs -mfpu=fpv4-sp-d16 -mfloat-abi=hard -mthumb -Wl,--start-group -lc -lm -Wl,--end-group
Finished building target: Project1_LED_Toggle_Adder2.elf
 
arm-none-eabi-size  Project1_LED_Toggle_Adder2.elf 
arm-none-eabi-objdump -h -S Project1_LED_Toggle_Adder2.elf  > "Project1_LED_Toggle_Adder2.list"
   text	   data	    bss	    dec	    hex	filename
    728	      0	   1568	   2296	    8f8	Project1_LED_Toggle_Adder2.elf
Finished building: default.size.stdout
 
Finished building: Project1_LED_Toggle_Adder2.list
 

21:24:34 Build Finished. 0 errors, 0 warnings. (took 1s.156ms)

