21:46:46 **** Build of configuration Debug for project Project0_LED_Toggle_Adder ****
make -j12 all 
arm-none-eabi-gcc -mcpu=cortex-m4 -g3 -DDEBUG -c -x assembler-with-cpp -MMD -MP -MF"Startup/startup_stm32f411retx.d" -MT"Startup/startup_stm32f411retx.o" --specs=nano.specs -mfpu=fpv4-sp-d16 -mfloat-abi=hard -mthumb -o "Startup/startup_stm32f411retx.o" "../Startup/startup_stm32f411retx.s"
arm-none-eabi-gcc "../Src/main.c" -mcpu=cortex-m4 -std=gnu11 -g3 -DDEBUG -DNUCLEO_F411RE -DSTM32 -DSTM32F4 -DSTM32F411RETx -c -I../Inc -O0 -ffunction-sections -fdata-sections -Wall -fstack-usage -fcyclomatic-complexity -MMD -MP -MF"Src/main.d" -MT"Src/main.o" --specs=nano.specs -mfpu=fpv4-sp-d16 -mfloat-abi=hard -mthumb -o "Src/main.o"
arm-none-eabi-gcc "../Src/syscalls.c" -mcpu=cortex-m4 -std=gnu11 -g3 -DDEBUG -DNUCLEO_F411RE -DSTM32 -DSTM32F4 -DSTM32F411RETx -c -I../Inc -O0 -ffunction-sections -fdata-sections -Wall -fstack-usage -fcyclomatic-complexity -MMD -MP -MF"Src/syscalls.d" -MT"Src/syscalls.o" --specs=nano.specs -mfpu=fpv4-sp-d16 -mfloat-abi=hard -mthumb -o "Src/syscalls.o"
arm-none-eabi-gcc "../Src/sysmem.c" -mcpu=cortex-m4 -std=gnu11 -g3 -DDEBUG -DNUCLEO_F411RE -DSTM32 -DSTM32F4 -DSTM32F411RETx -c -I../Inc -O0 -ffunction-sections -fdata-sections -Wall -fstack-usage -fcyclomatic-complexity -MMD -MP -MF"Src/sysmem.d" -MT"Src/sysmem.o" --specs=nano.specs -mfpu=fpv4-sp-d16 -mfloat-abi=hard -mthumb -o "Src/sysmem.o"
arm-none-eabi-gcc -o "Project0_LED_Toggle_Adder.elf" @"objects.list"   -mcpu=cortex-m4 -T"C:\My Workspace\STM32F411 Workspace\Project0_LED_Toggle_Adder\STM32F411RETX_FLASH.ld" --specs=nosys.specs -Wl,-Map="Project0_LED_Toggle_Adder.map" -Wl,--gc-sections -static --specs=nano.specs -mfpu=fpv4-sp-d16 -mfloat-abi=hard -mthumb -Wl,--start-group -lc -lm -Wl,--end-group
Finished building target: Project0_LED_Toggle_Adder.elf
 
arm-none-eabi-size  Project0_LED_Toggle_Adder.elf 
arm-none-eabi-objdump -h -S Project0_LED_Toggle_Adder.elf  > "Project0_LED_Toggle_Adder.list"
arm-none-eabi-objcopy  -O ihex Project0_LED_Toggle_Adder.elf  "Project0_LED_Toggle_Adder.hex"
   text	   data	    bss	    dec	    hex	filename
    728	      0	   1568	   2296	    8f8	Project0_LED_Toggle_Adder.elf
arm-none-eabi-objcopy  -O binary Project0_LED_Toggle_Adder.elf  "Project0_LED_Toggle_Adder.bin"
Finished building: default.size.stdout
 
Finished building: Project0_LED_Toggle_Adder.list
Finished building: Project0_LED_Toggle_Adder.hex
Finished building: Project0_LED_Toggle_Adder.bin
 
 
 

21:46:47 Build Finished. 0 errors, 0 warnings. (took 771ms)

